Info: Starting: Create block symbol file (.bsf)
Info: qsys-generate F:\FPGADesign\Lab7\PD_PIO.qsys --block-symbol-file --output-directory=F:\FPGADesign\Lab7\PD_PIO --family="Cyclone V" --part=5CSXFC6D6F31C6
Progress: Loading Lab7/PD_PIO.qsys
Progress: Reading input file
Progress: Adding clk_0 [clock_source 20.1]
Progress: Parameterizing module clk_0
Progress: Adding master_0 [altera_jtag_avalon_master 20.1]
Progress: Parameterizing module master_0
Progress: Adding pio_0 [altera_avalon_pio 20.1]
Progress: Parameterizing module pio_0
Progress: Adding pio_1 [altera_avalon_pio 20.1]
Progress: Parameterizing module pio_1
Progress: Adding pio_2 [altera_avalon_pio 20.1]
Progress: Parameterizing module pio_2
Progress: Building connections
Progress: Parameterizing connections
Progress: Validating
Progress: Done reading input file
Info: PD_PIO.pio_0: PIO inputs are not hardwired in test bench. Undefined values will be read from PIO inputs during simulation.
Info: PD_PIO.pio_2: PIO inputs are not hardwired in test bench. Undefined values will be read from PIO inputs during simulation.
Info: qsys-generate succeeded.
Info: Finished: Create block symbol file (.bsf)
Info: 
Info: Starting: Create HDL design files for synthesis
Info: qsys-generate F:\FPGADesign\Lab7\PD_PIO.qsys --synthesis=VERILOG --output-directory=F:\FPGADesign\Lab7\PD_PIO\synthesis --family="Cyclone V" --part=5CSXFC6D6F31C6
Progress: Loading Lab7/PD_PIO.qsys
Progress: Reading input file
Progress: Adding clk_0 [clock_source 20.1]
Progress: Parameterizing module clk_0
Progress: Adding master_0 [altera_jtag_avalon_master 20.1]
Progress: Parameterizing module master_0
Progress: Adding pio_0 [altera_avalon_pio 20.1]
Progress: Parameterizing module pio_0
Progress: Adding pio_1 [altera_avalon_pio 20.1]
Progress: Parameterizing module pio_1
Progress: Adding pio_2 [altera_avalon_pio 20.1]
Progress: Parameterizing module pio_2
Progress: Building connections
Progress: Parameterizing connections
Progress: Validating
Progress: Done reading input file
Info: PD_PIO.pio_0: PIO inputs are not hardwired in test bench. Undefined values will be read from PIO inputs during simulation.
Info: PD_PIO.pio_2: PIO inputs are not hardwired in test bench. Undefined values will be read from PIO inputs during simulation.
Info: PD_PIO: Generating PD_PIO "PD_PIO" for QUARTUS_SYNTH
Info: master_0: "PD_PIO" instantiated altera_jtag_avalon_master "master_0"
Info: pio_0: Starting RTL generation for module 'PD_PIO_pio_0'
Info: pio_0:   Generation command is [exec D:/intelfpga/20.1/quartus/bin64/perl/bin/perl.exe -I D:/intelfpga/20.1/quartus/bin64/perl/lib -I D:/intelfpga/20.1/quartus/sopc_builder/bin/europa -I D:/intelfpga/20.1/quartus/sopc_builder/bin -I D:/intelfpga/20.1/quartus/../ip/altera/sopc_builder_ip/common -I D:/intelfpga/20.1/quartus/../ip/altera/sopc_builder_ip/altera_avalon_pio -- D:/intelfpga/20.1/quartus/../ip/altera/sopc_builder_ip/altera_avalon_pio/generate_rtl.pl --name=PD_PIO_pio_0 --dir=C:/Users/MATTHA~1/AppData/Local/Temp/alt8543_820090787378040687.dir/0002_pio_0_gen/ --quartus_dir=D:/intelfpga/20.1/quartus --verilog --config=C:/Users/MATTHA~1/AppData/Local/Temp/alt8543_820090787378040687.dir/0002_pio_0_gen//PD_PIO_pio_0_component_configuration.pl  --do_build_sim=0  ]
Info: pio_0: Done RTL generation for module 'PD_PIO_pio_0'
Info: pio_0: "PD_PIO" instantiated altera_avalon_pio "pio_0"
Info: pio_1: Starting RTL generation for module 'PD_PIO_pio_1'
Info: pio_1:   Generation command is [exec D:/intelfpga/20.1/quartus/bin64/perl/bin/perl.exe -I D:/intelfpga/20.1/quartus/bin64/perl/lib -I D:/intelfpga/20.1/quartus/sopc_builder/bin/europa -I D:/intelfpga/20.1/quartus/sopc_builder/bin -I D:/intelfpga/20.1/quartus/../ip/altera/sopc_builder_ip/common -I D:/intelfpga/20.1/quartus/../ip/altera/sopc_builder_ip/altera_avalon_pio -- D:/intelfpga/20.1/quartus/../ip/altera/sopc_builder_ip/altera_avalon_pio/generate_rtl.pl --name=PD_PIO_pio_1 --dir=C:/Users/MATTHA~1/AppData/Local/Temp/alt8543_820090787378040687.dir/0003_pio_1_gen/ --quartus_dir=D:/intelfpga/20.1/quartus --verilog --config=C:/Users/MATTHA~1/AppData/Local/Temp/alt8543_820090787378040687.dir/0003_pio_1_gen//PD_PIO_pio_1_component_configuration.pl  --do_build_sim=0  ]
Info: pio_1: Done RTL generation for module 'PD_PIO_pio_1'
Info: pio_1: "PD_PIO" instantiated altera_avalon_pio "pio_1"
Info: pio_2: Starting RTL generation for module 'PD_PIO_pio_2'
Info: pio_2:   Generation command is [exec D:/intelfpga/20.1/quartus/bin64/perl/bin/perl.exe -I D:/intelfpga/20.1/quartus/bin64/perl/lib -I D:/intelfpga/20.1/quartus/sopc_builder/bin/europa -I D:/intelfpga/20.1/quartus/sopc_builder/bin -I D:/intelfpga/20.1/quartus/../ip/altera/sopc_builder_ip/common -I D:/intelfpga/20.1/quartus/../ip/altera/sopc_builder_ip/altera_avalon_pio -- D:/intelfpga/20.1/quartus/../ip/altera/sopc_builder_ip/altera_avalon_pio/generate_rtl.pl --name=PD_PIO_pio_2 --dir=C:/Users/MATTHA~1/AppData/Local/Temp/alt8543_820090787378040687.dir/0004_pio_2_gen/ --quartus_dir=D:/intelfpga/20.1/quartus --verilog --config=C:/Users/MATTHA~1/AppData/Local/Temp/alt8543_820090787378040687.dir/0004_pio_2_gen//PD_PIO_pio_2_component_configuration.pl  --do_build_sim=0  ]
Info: pio_2: Done RTL generation for module 'PD_PIO_pio_2'
Info: pio_2: "PD_PIO" instantiated altera_avalon_pio "pio_2"
Info: avalon_st_adapter: Inserting error_adapter: error_adapter_0
Info: avalon_st_adapter_001: Inserting error_adapter: error_adapter_0
Info: avalon_st_adapter_002: Inserting error_adapter: error_adapter_0
Info: mm_interconnect_0: "PD_PIO" instantiated altera_mm_interconnect "mm_interconnect_0"
Info: rst_controller: "PD_PIO" instantiated altera_reset_controller "rst_controller"
Info: jtag_phy_embedded_in_jtag_master: "master_0" instantiated altera_jtag_dc_streaming "jtag_phy_embedded_in_jtag_master"
Info: timing_adt: "master_0" instantiated timing_adapter "timing_adt"
Info: fifo: "master_0" instantiated altera_avalon_sc_fifo "fifo"
Info: b2p: "master_0" instantiated altera_avalon_st_bytes_to_packets "b2p"
Info: p2b: "master_0" instantiated altera_avalon_st_packets_to_bytes "p2b"
Info: transacto: "master_0" instantiated altera_avalon_packets_to_master "transacto"
Info: b2p_adapter: "master_0" instantiated channel_adapter "b2p_adapter"
Info: p2b_adapter: "master_0" instantiated channel_adapter "p2b_adapter"
Info: master_0_master_translator: "mm_interconnect_0" instantiated altera_merlin_master_translator "master_0_master_translator"
Info: pio_0_s1_translator: "mm_interconnect_0" instantiated altera_merlin_slave_translator "pio_0_s1_translator"
Info: master_0_master_agent: "mm_interconnect_0" instantiated altera_merlin_master_agent "master_0_master_agent"
Info: pio_0_s1_agent: "mm_interconnect_0" instantiated altera_merlin_slave_agent "pio_0_s1_agent"
Info: router: "mm_interconnect_0" instantiated altera_merlin_router "router"
Info: router_001: "mm_interconnect_0" instantiated altera_merlin_router "router_001"
Info: master_0_master_limiter: "mm_interconnect_0" instantiated altera_merlin_traffic_limiter "master_0_master_limiter"
Info: Reusing file F:/FPGADesign/Lab7/PD_PIO/synthesis/submodules/altera_avalon_sc_fifo.v
Info: Reusing file F:/FPGADesign/Lab7/PD_PIO/synthesis/submodules/altera_avalon_st_pipeline_base.v
Info: cmd_demux: "mm_interconnect_0" instantiated altera_merlin_demultiplexer "cmd_demux"
Info: cmd_mux: "mm_interconnect_0" instantiated altera_merlin_multiplexer "cmd_mux"
Info: rsp_demux: "mm_interconnect_0" instantiated altera_merlin_demultiplexer "rsp_demux"
Info: rsp_mux: "mm_interconnect_0" instantiated altera_merlin_multiplexer "rsp_mux"
Info: Reusing file F:/FPGADesign/Lab7/PD_PIO/synthesis/submodules/altera_merlin_arbitrator.sv
Info: avalon_st_adapter: "mm_interconnect_0" instantiated altera_avalon_st_adapter "avalon_st_adapter"
Info: error_adapter_0: "avalon_st_adapter" instantiated error_adapter "error_adapter_0"
Info: PD_PIO: Done "PD_PIO" with 28 modules, 43 files
Info: qsys-generate succeeded.
Info: Finished: Create HDL design files for synthesis
