Info: Start Nativelink Simulation process
executing command line: ip-make-simscript --nativelink-mode --output-directory=Project1_iputf_input --spd=C:/Users/Matt Hartnett/Documents/FPGA-Design/Project1/Quartus/video_pll.spd 
Internal error: Failed to run ip-make-simscript: 2020.09.23.19:25:05 Error: Unrecognized switch <b>1</b>
Internal error: Failed to run ip-make-simscript: 2020.09.23.19:25:05 Error: Unrecognized switch <b>1</b>
Error: NativeLink simulation flow was NOT successful



================The following additional information is provided to help identify the cause of error while running nativelink scripts=================
Nativelink TCL script failed with errorCode:  1
Nativelink TCL script failed with errorInfo:  1
    (procedure "iputf_call_script_gen" line 1)
    invoked from within
"iputf_call_script_gen $spd_file_list"
    (procedure "iputf_setup_info" line 45)
    invoked from within
"iputf_setup_info"
    (procedure "run_eda_simulation_tool" line 178)
    invoked from within
"run_eda_simulation_tool eda_opts_hash"
